
<<<log.request>>>
[2024-09-16T04:46:30.666Z] 58aca8fe-8845-44c8-811e-b165020a5e5d GET /
type=request
clientIp=::1
userAgent="Mozilla/5.0 (Windows NT 10.0; Win64; x64) AppleWebKit/537.36 (KHTML, like Gecko) Chrome/128.0.0.0 Safari/537.36"
contentType="undefined"
referer="undefined"
xForwardedFor="undefined"
queryParams={}
requestBody=undefined

<<<log.response>>>
[2024-09-16T04:46:30.676Z] 58aca8fe-8845-44c8-811e-b165020a5e5d undefined / 304 9ms
type=response
statusCode=304
responseTime=9ms
contentType=""
contentLength=
responseBody=undefined

<<<log.request>>>
[2024-09-16T04:47:15.793Z] a1db0cd9-ab47-4727-833f-8c253d26ad64 GET /
type=request
clientIp=::1
userAgent="Mozilla/5.0 (Windows NT 10.0; Win64; x64) AppleWebKit/537.36 (KHTML, like Gecko) Chrome/128.0.0.0 Safari/537.36"
contentType="undefined"
referer="undefined"
xForwardedFor="undefined"
queryParams={}
requestBody=undefined

<<<log.response>>>
[2024-09-16T04:47:15.797Z] a1db0cd9-ab47-4727-833f-8c253d26ad64 undefined / 304 4ms
type=response
statusCode=304
responseTime=4ms
contentType=""
contentLength=
responseBody=undefined

<<<log.request>>>
[2024-09-16T04:47:16.488Z] bf2c89e4-583a-46ae-8b2c-8ceb1c2e9b52 GET /
type=request
clientIp=::1
userAgent="Mozilla/5.0 (Windows NT 10.0; Win64; x64) AppleWebKit/537.36 (KHTML, like Gecko) Chrome/128.0.0.0 Safari/537.36"
contentType="undefined"
referer="undefined"
xForwardedFor="undefined"
queryParams={}
requestBody=undefined

<<<log.response>>>
[2024-09-16T04:47:16.491Z] bf2c89e4-583a-46ae-8b2c-8ceb1c2e9b52 undefined / 304 3ms
type=response
statusCode=304
responseTime=3ms
contentType=""
contentLength=
responseBody=undefined

<<<log.request>>>
[2024-09-16T04:47:16.673Z] 110096c3-4c44-4341-85d7-67511d42840b GET /
type=request
clientIp=::1
userAgent="Mozilla/5.0 (Windows NT 10.0; Win64; x64) AppleWebKit/537.36 (KHTML, like Gecko) Chrome/128.0.0.0 Safari/537.36"
contentType="undefined"
referer="undefined"
xForwardedFor="undefined"
queryParams={}
requestBody=undefined

<<<log.response>>>
[2024-09-16T04:47:16.675Z] 110096c3-4c44-4341-85d7-67511d42840b undefined / 304 2ms
type=response
statusCode=304
responseTime=2ms
contentType=""
contentLength=
responseBody=undefined

<<<log.request>>>
[2024-09-16T04:47:16.853Z] 7409b59f-9fe0-4f4d-a9d0-620904feb1ab GET /
type=request
clientIp=::1
userAgent="Mozilla/5.0 (Windows NT 10.0; Win64; x64) AppleWebKit/537.36 (KHTML, like Gecko) Chrome/128.0.0.0 Safari/537.36"
contentType="undefined"
referer="undefined"
xForwardedFor="undefined"
queryParams={}
requestBody=undefined

<<<log.response>>>
[2024-09-16T04:47:16.857Z] 7409b59f-9fe0-4f4d-a9d0-620904feb1ab undefined / 304 3ms
type=response
statusCode=304
responseTime=3ms
contentType=""
contentLength=
responseBody=undefined

<<<log.request>>>
[2024-09-16T04:47:17.016Z] 7139d1d8-dae1-4baf-8f84-69464a4d3f5d GET /
type=request
clientIp=::1
userAgent="Mozilla/5.0 (Windows NT 10.0; Win64; x64) AppleWebKit/537.36 (KHTML, like Gecko) Chrome/128.0.0.0 Safari/537.36"
contentType="undefined"
referer="undefined"
xForwardedFor="undefined"
queryParams={}
requestBody=undefined

<<<log.response>>>
[2024-09-16T04:47:17.019Z] 7139d1d8-dae1-4baf-8f84-69464a4d3f5d undefined / 304 3ms
type=response
statusCode=304
responseTime=3ms
contentType=""
contentLength=
responseBody=undefined

<<<log.request>>>
[2024-09-16T04:47:17.191Z] 1873248f-eb2d-4bec-b747-00172bc817fc GET /
type=request
clientIp=::1
userAgent="Mozilla/5.0 (Windows NT 10.0; Win64; x64) AppleWebKit/537.36 (KHTML, like Gecko) Chrome/128.0.0.0 Safari/537.36"
contentType="undefined"
referer="undefined"
xForwardedFor="undefined"
queryParams={}
requestBody=undefined

<<<log.response>>>
[2024-09-16T04:47:17.193Z] 1873248f-eb2d-4bec-b747-00172bc817fc undefined / 304 2ms
type=response
statusCode=304
responseTime=2ms
contentType=""
contentLength=
responseBody=undefined

<<<log.request>>>
[2024-09-16T04:47:17.367Z] de4afc27-e479-46e5-b386-644daf2ad8ce GET /
type=request
clientIp=::1
userAgent="Mozilla/5.0 (Windows NT 10.0; Win64; x64) AppleWebKit/537.36 (KHTML, like Gecko) Chrome/128.0.0.0 Safari/537.36"
contentType="undefined"
referer="undefined"
xForwardedFor="undefined"
queryParams={}
requestBody=undefined

<<<log.response>>>
[2024-09-16T04:47:17.369Z] de4afc27-e479-46e5-b386-644daf2ad8ce undefined / 304 2ms
type=response
statusCode=304
responseTime=2ms
contentType=""
contentLength=
responseBody=undefined

<<<log.request>>>
[2024-09-16T04:47:17.537Z] 294574b5-473c-4d44-a9ed-5895da8f29c1 GET /
type=request
clientIp=::1
userAgent="Mozilla/5.0 (Windows NT 10.0; Win64; x64) AppleWebKit/537.36 (KHTML, like Gecko) Chrome/128.0.0.0 Safari/537.36"
contentType="undefined"
referer="undefined"
xForwardedFor="undefined"
queryParams={}
requestBody=undefined

<<<log.response>>>
[2024-09-16T04:47:17.540Z] 294574b5-473c-4d44-a9ed-5895da8f29c1 undefined / 304 3ms
type=response
statusCode=304
responseTime=3ms
contentType=""
contentLength=
responseBody=undefined

<<<log.request>>>
[2024-09-16T04:47:17.721Z] b785458f-8ee7-48b0-ba53-bf6ae4665ed6 GET /
type=request
clientIp=::1
userAgent="Mozilla/5.0 (Windows NT 10.0; Win64; x64) AppleWebKit/537.36 (KHTML, like Gecko) Chrome/128.0.0.0 Safari/537.36"
contentType="undefined"
referer="undefined"
xForwardedFor="undefined"
queryParams={}
requestBody=undefined

<<<log.response>>>
[2024-09-16T04:47:17.723Z] b785458f-8ee7-48b0-ba53-bf6ae4665ed6 undefined / 304 3ms
type=response
statusCode=304
responseTime=3ms
contentType=""
contentLength=
responseBody=undefined

<<<log.request>>>
[2024-09-16T04:47:17.889Z] 2bfcbcb1-6efb-4d44-9617-1c65650d08e1 GET /
type=request
clientIp=::1
userAgent="Mozilla/5.0 (Windows NT 10.0; Win64; x64) AppleWebKit/537.36 (KHTML, like Gecko) Chrome/128.0.0.0 Safari/537.36"
contentType="undefined"
referer="undefined"
xForwardedFor="undefined"
queryParams={}
requestBody=undefined

<<<log.response>>>
[2024-09-16T04:47:17.892Z] 2bfcbcb1-6efb-4d44-9617-1c65650d08e1 undefined / 304 3ms
type=response
statusCode=304
responseTime=3ms
contentType=""
contentLength=
responseBody=undefined

<<<log.request>>>
[2024-09-16T04:47:18.078Z] 51a4065d-6e12-4737-99cc-de4260763a2d GET /
type=request
clientIp=::1
userAgent="Mozilla/5.0 (Windows NT 10.0; Win64; x64) AppleWebKit/537.36 (KHTML, like Gecko) Chrome/128.0.0.0 Safari/537.36"
contentType="undefined"
referer="undefined"
xForwardedFor="undefined"
queryParams={}
requestBody=undefined

<<<log.response>>>
[2024-09-16T04:47:18.080Z] 51a4065d-6e12-4737-99cc-de4260763a2d undefined / 304 2ms
type=response
statusCode=304
responseTime=2ms
contentType=""
contentLength=
responseBody=undefined

<<<log.request>>>
[2024-09-16T04:47:18.269Z] dec66ae5-5a16-4594-8b63-6a88e864573c GET /
type=request
clientIp=::1
userAgent="Mozilla/5.0 (Windows NT 10.0; Win64; x64) AppleWebKit/537.36 (KHTML, like Gecko) Chrome/128.0.0.0 Safari/537.36"
contentType="undefined"
referer="undefined"
xForwardedFor="undefined"
queryParams={}
requestBody=undefined

<<<log.response>>>
[2024-09-16T04:47:18.272Z] dec66ae5-5a16-4594-8b63-6a88e864573c undefined / 304 3ms
type=response
statusCode=304
responseTime=3ms
contentType=""
contentLength=
responseBody=undefined

<<<log.request>>>
[2024-09-16T04:47:18.438Z] 46884b4f-3d58-4122-8b2f-d9b51cc418e5 GET /
type=request
clientIp=::1
userAgent="Mozilla/5.0 (Windows NT 10.0; Win64; x64) AppleWebKit/537.36 (KHTML, like Gecko) Chrome/128.0.0.0 Safari/537.36"
contentType="undefined"
referer="undefined"
xForwardedFor="undefined"
queryParams={}
requestBody=undefined

<<<log.response>>>
[2024-09-16T04:47:18.441Z] 46884b4f-3d58-4122-8b2f-d9b51cc418e5 undefined / 304 2ms
type=response
statusCode=304
responseTime=2ms
contentType=""
contentLength=
responseBody=undefined

<<<log.request>>>
[2024-09-16T04:47:18.608Z] 20a11285-3788-4b02-ad89-8328ad187693 GET /
type=request
clientIp=::1
userAgent="Mozilla/5.0 (Windows NT 10.0; Win64; x64) AppleWebKit/537.36 (KHTML, like Gecko) Chrome/128.0.0.0 Safari/537.36"
contentType="undefined"
referer="undefined"
xForwardedFor="undefined"
queryParams={}
requestBody=undefined

<<<log.response>>>
[2024-09-16T04:47:18.610Z] 20a11285-3788-4b02-ad89-8328ad187693 undefined / 304 2ms
type=response
statusCode=304
responseTime=2ms
contentType=""
contentLength=
responseBody=undefined

<<<log.request>>>
[2024-09-16T04:47:18.806Z] c9266904-c86d-46ef-92db-c057603bbe30 GET /
type=request
clientIp=::1
userAgent="Mozilla/5.0 (Windows NT 10.0; Win64; x64) AppleWebKit/537.36 (KHTML, like Gecko) Chrome/128.0.0.0 Safari/537.36"
contentType="undefined"
referer="undefined"
xForwardedFor="undefined"
queryParams={}
requestBody=undefined

<<<log.response>>>
[2024-09-16T04:47:18.808Z] c9266904-c86d-46ef-92db-c057603bbe30 undefined / 304 2ms
type=response
statusCode=304
responseTime=2ms
contentType=""
contentLength=
responseBody=undefined

<<<log.request>>>
[2024-09-16T04:47:18.991Z] c218ddcd-4484-41e8-b3f5-f5cc1ae4aaa3 GET /
type=request
clientIp=::1
userAgent="Mozilla/5.0 (Windows NT 10.0; Win64; x64) AppleWebKit/537.36 (KHTML, like Gecko) Chrome/128.0.0.0 Safari/537.36"
contentType="undefined"
referer="undefined"
xForwardedFor="undefined"
queryParams={}
requestBody=undefined

<<<log.response>>>
[2024-09-16T04:47:18.993Z] c218ddcd-4484-41e8-b3f5-f5cc1ae4aaa3 undefined / 304 1ms
type=response
statusCode=304
responseTime=1ms
contentType=""
contentLength=
responseBody=undefined

<<<log.request>>>
[2024-09-16T04:47:19.141Z] 4455e7c9-26dc-4e7d-b440-983dd0d8a137 GET /
type=request
clientIp=::1
userAgent="Mozilla/5.0 (Windows NT 10.0; Win64; x64) AppleWebKit/537.36 (KHTML, like Gecko) Chrome/128.0.0.0 Safari/537.36"
contentType="undefined"
referer="undefined"
xForwardedFor="undefined"
queryParams={}
requestBody=undefined

<<<log.response>>>
[2024-09-16T04:47:19.143Z] 4455e7c9-26dc-4e7d-b440-983dd0d8a137 undefined / 304 2ms
type=response
statusCode=304
responseTime=2ms
contentType=""
contentLength=
responseBody=undefined

<<<log.request>>>
[2024-09-16T04:47:58.871Z] 6a166134-21e6-4bb4-b5fe-0843538e3ac5 GET /
type=request
clientIp=::1
userAgent="Mozilla/5.0 (Windows NT 10.0; Win64; x64) AppleWebKit/537.36 (KHTML, like Gecko) Chrome/128.0.0.0 Safari/537.36"
contentType="undefined"
referer="undefined"
xForwardedFor="undefined"
queryParams={}
requestBody=undefined

<<<log.response>>>
[2024-09-16T04:47:58.875Z] 6a166134-21e6-4bb4-b5fe-0843538e3ac5 undefined / 304 4ms
type=response
statusCode=304
responseTime=4ms
contentType=""
contentLength=
responseBody=undefined
